// Jest Snapshot v1, https://goo.gl/fbAQLP

exports[`<Header /> should render the component and matches it against stored snapshot 1`] = `
<DocumentFragment>
  <header
    class="MuiPaper-root MuiAppBar-root MuiAppBar-positionFixed MuiAppBar-colorDefault makeStyles-root-1 mui-fixed MuiPaper-elevation0"
    data-testid="Header"
  >
    <div
      class="MuiToolbar-root MuiToolbar-regular makeStyles-toolbar-2 MuiToolbar-gutters"
    >
      <div
        class="MuiBox-root MuiBox-root-50 makeStyles-toolbarLogoContainer-3"
      >
        <a
          class="MuiTypography-root MuiLink-root MuiLink-underlineHover makeStyles-toolbarLogo-4 MuiTypography-colorTextPrimary"
          href="/"
        >
          <div
            class="MuiCardMedia-root makeStyles-root-87"
            data-testid="AppLogo"
            style="background-image: url(logo.png);"
            title="AppLogo"
          />
        </a>
      </div>
      <nav>
        <a
          class="MuiTypography-root MuiLink-root MuiLink-underlineHover makeStyles-toolBarChildren-5 MuiTypography-colorTextPrimary"
          href="#"
        >
          Purchase
        </a>
        <a
          class="MuiTypography-root MuiLink-root MuiLink-underlineHover makeStyles-toolBarChildren-5 MuiTypography-colorTextPrimary"
          href="/favorites"
        >
          My Orders
        </a>
        <a
          class="MuiTypography-root MuiLink-root MuiLink-underlineHover makeStyles-toolBarChildren-5 MuiTypography-colorTextPrimary"
          href="#"
        >
          Sell
        </a>
      </nav>
      <div
        class="MuiBox-root MuiBox-root-91 makeStyles-toolBarChildren-5"
      >
        <div
          class="MuiFormControl-root makeStyles-formControl-92"
          data-testid="LanguageSelector"
        >
          <label
            class="MuiFormLabel-root MuiInputLabel-root MuiInputLabel-formControl MuiInputLabel-animated MuiInputLabel-shrink MuiFormLabel-filled"
            data-shrink="true"
            id="LanguageSelectorLabel"
          >
            Language
          </label>
          <div
            class="MuiInputBase-root MuiInput-root MuiInput-underline makeStyles-selectEmpty-93 MuiInputBase-formControl MuiInput-formControl"
          >
            <div
              aria-haspopup="listbox"
              aria-labelledby="LanguageSelectorLabel LanguageSelectorLabelSelect"
              class="MuiSelect-root MuiSelect-select MuiSelect-selectMenu MuiInputBase-input MuiInput-input"
              id="LanguageSelectorLabelSelect"
              role="button"
              tabindex="0"
            >
              <em>
                English
              </em>
            </div>
            <input
              type="hidden"
              value="en"
            />
            <svg
              aria-hidden="true"
              class="MuiSvgIcon-root MuiSelect-icon"
              focusable="false"
              role="presentation"
              viewBox="0 0 24 24"
            >
              <path
                d="M7 10l5 5 5-5z"
              />
            </svg>
          </div>
        </div>
      </div>
    </div>
  </header>
</DocumentFragment>
`;
