// Jest Snapshot v1, https://goo.gl/fbAQLP

exports[`<CarInfo /> should render the component and matches it against stored snapshot for blank response 1`] = `
<DocumentFragment>
  <section
    class="MuiGrid-root MuiGrid-container MuiGrid-spacing-xs-2"
    data-testid="CarInfo"
  >
    <div
      class="MuiGrid-root MuiGrid-item MuiGrid-grid-xs-12"
    >
      <span
        class="MuiSkeleton-root MuiSkeleton-rect MuiSkeleton-pulse"
        data-testid="CarInfoImageSkeleton"
        style="height: 200px;"
      />
    </div>
    <div
      class="MuiGrid-root MuiGrid-item MuiGrid-grid-xs-7"
    >
      <span
        class="MuiSkeleton-root MuiSkeleton-text MuiSkeleton-pulse"
        style="width: 50%; height: 50px;"
      />
      <span
        class="MuiSkeleton-root MuiSkeleton-text MuiSkeleton-pulse"
        style="height: 50px;"
      />
      <span
        class="MuiSkeleton-root MuiSkeleton-rect MuiSkeleton-pulse"
        style="height: 150px;"
      />
    </div>
    <div
      class="MuiGrid-root MuiGrid-item MuiGrid-grid-xs-5"
    >
      <span
        class="MuiSkeleton-root MuiSkeleton-text MuiSkeleton-pulse"
        style="height: 250px;"
      />
    </div>
  </section>
</DocumentFragment>
`;

exports[`<CarInfo /> should render the component and matches it against stored snapshot for success response 1`] = `
<DocumentFragment>
  <section
    class="MuiGrid-root MuiGrid-container MuiGrid-spacing-xs-2"
    data-testid="CarInfo"
  >
    <div
      class="MuiGrid-root MuiGrid-item MuiGrid-grid-xs-12"
    >
      <div
        class="MuiBox-root MuiBox-root-117 makeStyles-carImageContainer-1"
      >
        <div
          class="MuiCardMedia-root makeStyles-carImage-2"
          style="background-image: url(https://dummyimage.com/300/09f/fff.png);"
          title="Sedici"
        />
      </div>
    </div>
    <div
      class="MuiGrid-root MuiGrid-item MuiGrid-grid-xs-7"
    >
      <div
        class="MuiBox-root MuiBox-root-121"
        data-testid="CarInfoFeatures"
      >
        <h3
          class="MuiTypography-root MuiTypography-h3 MuiTypography-gutterBottom"
        >
          Fiat Sedici
        </h3>
        <p
          class="MuiTypography-root MuiTypography-body1 MuiTypography-gutterBottom"
        >
          Stock #78924 - 141474 KM - Diesel - White
        </p>
        <p
          class="MuiTypography-root MuiTypography-body2"
        >
          This car is currently available and can be delivered as soon as tomorrow morning. Please be aware that delivery times shown in this page are not definitive and may change due to bad weather conditions.
        </p>
      </div>
    </div>
    <div
      class="MuiGrid-root MuiGrid-item MuiGrid-grid-xs-5"
    >
      <div
        class="MuiBox-root MuiBox-root-152 makeStyles-favoriteBox-3"
      >
        <p
          class="MuiTypography-root MuiTypography-body2"
        >
          If you like this car, click the button and save it in your collection of favorite items.
        </p>
        <div
          class="MuiBox-root MuiBox-root-153 makeStyles-favoriteButtonContainer-4"
        >
          <button
            class="MuiButtonBase-root MuiButton-root MuiButton-contained MuiButton-containedPrimary"
            tabindex="0"
            type="button"
          >
            <span
              class="MuiButton-label"
            >
              Save
            </span>
            <span
              class="MuiTouchRipple-root"
            />
          </button>
        </div>
      </div>
    </div>
  </section>
</DocumentFragment>
`;
