// Jest Snapshot v1, https://goo.gl/fbAQLP

exports[`<FavoritesLoader /> should render the component and matches it against stored snapshot 1`] = `
<DocumentFragment>
  <section
    class="MuiBox-root MuiBox-root-2"
    data-testid="FavoritesLoader"
  >
    Loading...
  </section>
</DocumentFragment>
`;
