// Jest Snapshot v1, https://goo.gl/fbAQLP

exports[`<NotFound /> should render the component and matches it against stored snapshot 1`] = `
<DocumentFragment>
  <section
    class="MuiBox-root MuiBox-root-2"
    data-testid="NotFound"
  >
    <h4
      class="MuiTypography-root MuiTypography-h4 MuiTypography-gutterBottom"
    >
      404 - Not Found
    </h4>
    <p
      class="MuiTypography-root MuiTypography-body1 MuiTypography-gutterBottom"
    >
      Sorry, the page you are looking for does not exist.
    </p>
    <p
      class="MuiTypography-root MuiTypography-body1 MuiTypography-gutterBottom"
    >
      You can always go back to the 
      <a
        href="/"
      >
        homepage
      </a>
      .
    </p>
  </section>
</DocumentFragment>
`;
