// Jest Snapshot v1, https://goo.gl/fbAQLP

exports[`<CarDetailsLoader /> should render the component and matches it against stored snapshot 1`] = `
<DocumentFragment>
  <section
    class="MuiContainer-root makeStyles-root-1 MuiContainer-maxWidthLg"
    data-testid="CarDetailsLoader"
  >
    <span
      class="MuiSkeleton-root MuiSkeleton-rect MuiSkeleton-pulse"
      style="height: 400px;"
    />
  </section>
</DocumentFragment>
`;
